[www.sureassert.com/docs/javadoc/index.html]
[backblue.gif]
[fade.gif]
[index.html]
[www.sureassert.com/docs/javadoc/index.html]
[www.sureassert.com/index.html]
[www.sureassert.com/docs/javadoc/allclasses-frame.html]
[www.sureassert.com/docs/javadoc/org/sureassert/uc/annotation/package-summary.html]
[www.sureassert.com/docs/javadoc/allclasses-frame.html]
[www.sureassert.com/docs/javadoc/org/sureassert/uc/annotation/package-summary.html]
[www.sureassert.com/uc/index.html]
[www.sureassert.com/docs/javadoc/org/sureassert/uc/annotation/Exemplar.html]
[www.sureassert.com/docs/javadoc/stylesheet.css]
[www.sureassert.com/docs/javadoc/org/sureassert/uc/annotation/Exemplars.html]
[www.sureassert.com/wp-content/themes/twentyten/favicon.ico]
[www.sureassert.com/docs/javadoc/org/sureassert/uc/annotation/HasJUnit.html]
[www.sureassert.com/docs/javadoc/org/sureassert/uc/annotation/IgnoreTestCoverage.html]
[www.sureassert.com/wp-content/themes/twentyten/style.css]
[www.sureassert.com/docs/javadoc/org/sureassert/uc/annotation/MultiUseCase.html]
[www.sureassert.com/docs/javadoc/org/sureassert/uc/annotation/NamedClass.html]
[www.sureassert.com/docs/javadoc/org/sureassert/uc/annotation/NamedInstance.html]
[www.sureassert.com/docs/javadoc/org/sureassert/uc/annotation/NoAutoRun.html]
[www.sureassert.com/docs/javadoc/org/sureassert/uc/annotation/SINType.html]
[www.sureassert.com/docs/javadoc/org/sureassert/uc/annotation/Stubs.html]
[www.sureassert.com/xmlrpc0db0.php]
[www.sureassert.com/docs/javadoc/org/sureassert/uc/annotation/TestDouble.html]
[www.sureassert.com/wp-includes/wlwmanifest.xml]
[www.sureassert.com/docs/javadoc/org/sureassert/uc/annotation/TestState.html]
[www.sureassert.com/docs/javadoc/org/sureassert/uc/annotation/UseCase.html]
[www.sureassert.com/docs/javadoc/org/sureassert/uc/annotation/package-use.html]
[www.sureassert.com/uc/wp-json/oembed/1.0/embedde65.json]
[www.sureassert.com/docs/javadoc/org/sureassert/uc/annotation/package-tree.html]
[www.sureassert.com/docs/javadoc/deprecated-list.html]
[www.sureassert.com/uc/wp-json/oembed/1.0/embedbe52]
[www.sureassert.com/docs/javadoc/index-files/index-1.html]
[www.sureassert.com/wp-content/uploads/2011/03/Sureassert7.png]
[www.sureassert.com/docs/javadoc/help-doc.html]
[www.sureassert.com/docs/javadoc/indexd185.html]
[www.sureassert.com/donate.html]
[www.sureassert.com/docs/javadoc/allclasses-noframe.html]
[www.sureassert.com/wp-login0ddc.html]
[www.sureassert.com/uc/comments/feed/index.html]
[www.sureassert.com/uc/the-complete-unit-testing-solution/feed/index.html]
[www.sureassert.com/wp-login.html]
[www.sureassert.com/uc/wp-json/index.html]
[www.sureassert.com/wp-includes/js/comment-reply.mine100.js]
[www.sureassert.com/uc/news/index.html]
[www.sureassert.com/uc/features/index.html]
[www.sureassert.com/uc/features/use-cases/index.html]
[www.sureassert.com/uc/features/automatic-continuous-testing/index.html]
[www.sureassert.com/wp-includes/js/wp-embed.mine100.js]
[www.sureassert.com/uc/index.html]
[www.sureassert.com/uc/features/declarative-stubbing/index.html]
[www.sureassert.com/uc/features/comprehensive-junit-integration/index.html]
[www.sureassert.com/uc/features/real-time-continuous-test-coverage-reporting/index.html]
[www.sureassert.com/docs/javadoc/stylesheet.css]
[www.sureassert.com/uc/guide/1-key-concepts/index.html]
[www.sureassert.com/uc/guide/index.html]
[www.sureassert.com/uc/guide/1-key-concepts/continuous-unit-testing/index.html]
[www.sureassert.com/uc/guide/1-key-concepts/1-1-declarative-unit-testing-with-exemplars/index.html]
[www.sureassert.com/uc/guide/1-key-concepts/1-4-junit-integration/index.html]
[www.sureassert.com/docs/javadoc/org/sureassert/uc/annotation/Exemplar.html]
[www.sureassert.com/uc/guide/1-key-concepts/1-3-real-time-test-coverage-reporting/index.html]
[www.sureassert.com/uc/guide/1-key-concepts/1-5-about-adding-the-sureassert-dependency/index.html]
[www.sureassert.com/uc/guide/1-key-concepts/1-6-about-adding-declarative-tests-to-your-production-code/index.html]
[www.sureassert.com/docs/javadoc/org/sureassert/uc/annotation/Exemplars.html]
[www.sureassert.com/uc/guide/1-key-concepts/1-7-use-cases/index.html]
[www.sureassert.com/uc/guide/1-key-concepts/1-8-stubbing-and-mocking/index.html]
[www.sureassert.com/docs/javadoc/org/sureassert/uc/annotation/HasJUnit.html]
[www.sureassert.com/uc/guide/2-the-sureassert-uc-engine-for-eclipse/index.html]
[www.sureassert.com/uc/guide/2-the-sureassert-uc-engine-for-eclipse/2-1-automatic-incremental-execution/index.html]
[www.sureassert.com/docs/javadoc/org/sureassert/uc/annotation/IgnoreTestCoverage.html]
[www.sureassert.com/uc/guide/2-the-sureassert-uc-engine-for-eclipse/2-2-the-background-uc-engine/index.html]
[www.sureassert.com/uc/guide/2-the-sureassert-uc-engine-for-eclipse/2-3-forcing-sureassert-uc-execution/index.html]
[www.sureassert.com/docs/javadoc/org/sureassert/uc/annotation/MultiUseCase.html]
[www.sureassert.com/uc/guide/2-the-sureassert-uc-engine-for-eclipse/2-4-debugging-exemplars-and-junits-with-sureassert-uc/index.html]
[www.sureassert.com/uc/guide/2-the-sureassert-uc-engine-for-eclipse/2-5-testing-deadlocks-and-stopping-the-uc-engine/index.html]
[www.sureassert.com/uc/guide/3-exemplars/index.html]
[www.sureassert.com/uc/guide/3-exemplars/3-1-annotating-methods-with-exemplars/index.html]
[www.sureassert.com/docs/javadoc/org/sureassert/uc/annotation/NamedClass.html]
[www.sureassert.com/uc/guide/3-exemplars/3-2-passing-method-arguments/index.html]
[www.sureassert.com/uc/guide/3-exemplars/3-4-sureassert-named-instances/index.html]
[www.sureassert.com/uc/guide/3-exemplars/3-3-sin-expressions/index.html]
[www.sureassert.com/uc/guide/3-exemplars/3-5-specifying-and-initializing-the-object-under-test/index.html]
[www.sureassert.com/docs/javadoc/org/sureassert/uc/annotation/NamedInstance.html]
[www.sureassert.com/uc/guide/3-exemplars/3-6-viewing-results-and-other-test-information/index.html]
[www.sureassert.com/docs/javadoc/org/sureassert/uc/annotation/NoAutoRun.html]
[www.sureassert.com/uc/guide/3-exemplars/3-7-asserting-expected-results/index.html]
[www.sureassert.com/uc/guide/3-exemplars/3-8-using-exemplars-in-interfaces-and-abstract-classes/index.html]
[www.sureassert.com/uc/guide/3-exemplars/3-9-setup-and-tear-down-before-and-after/index.html]
[www.sureassert.com/uc/guide/3-exemplars/3-10-further-documenting-your-exemplars/index.html]
[www.sureassert.com/docs/javadoc/org/sureassert/uc/annotation/SINType.html]
[www.sureassert.com/uc/guide/3-exemplars/3-11-shorthand-exemplar-properties/index.html]
[www.sureassert.com/uc/guide/3-exemplars/3-12-inner-classes/index.html]
[www.sureassert.com/uc/guide/3-exemplars/3-13-avoiding-duplication-in-exemplars-using-the-template-property/index.html]
[www.sureassert.com/uc/guide/4-in-line-assertions/index.html]
[www.sureassert.com/docs/javadoc/org/sureassert/uc/annotation/Stubs.html]
[www.sureassert.com/uc/guide/5-test-isolation/index.html]
[www.sureassert.com/uc/guide/5-test-isolation/5-1-test-doubles/index.html]
[www.sureassert.com/docs/javadoc/org/sureassert/uc/annotation/TestDouble.html]
[www.sureassert.com/uc/guide/5-test-isolation/5-2-method-stubs/index.html]
[www.sureassert.com/uc/guide/5-test-isolation/5-4-expecting-stub-invocation-vstubs/index.html]
[www.sureassert.com/uc/guide/5-test-isolation/5-5-default-classes/index.html]
[www.sureassert.com/uc/guide/6-behaviour-verification/index.html]
[www.sureassert.com/docs/javadoc/org/sureassert/uc/annotation/TestState.html]
[www.sureassert.com/uc/guide/6-behaviour-verification/6-1-using-verify-to-perform-behaviour-verification/index.html]
[www.sureassert.com/uc/guide/6-behaviour-verification/6-2-verifying-stub-invocation/index.html]
[www.sureassert.com/uc/guide/7-coverage-reporting/index.html]
[www.sureassert.com/uc/guide/7-coverage-reporting/7-1-graphical-in-line-reporting/index.html]
[www.sureassert.com/uc/guide/7-coverage-reporting/7-2-file-level-information-warnings-and-errors/index.html]
[www.sureassert.com/docs/javadoc/org/sureassert/uc/annotation/UseCase.html]
[www.sureassert.com/uc/guide/7-coverage-reporting/7-3-using-ignoretestcoverage/index.html]
[www.sureassert.com/uc/guide/7-coverage-reporting/7-4-configuration/index.html]
[www.sureassert.com/uc/guide/8-junit-integration/index.html]
[www.sureassert.com/docs/javadoc/org/sureassert/uc/annotation/package-use.html]
[www.sureassert.com/uc/guide/8-junit-integration/8-1-the-junit-library/index.html]
[www.sureassert.com/uc/guide/8-junit-integration/8-2-declarative-junit-test-class-association/index.html]
[www.sureassert.com/docs/javadoc/org/sureassert/uc/annotation/package-tree.html]
[www.sureassert.com/uc/guide/8-junit-integration/8-4-sureassert-stubs-with-junit/index.html]
[www.sureassert.com/uc/guide/8-junit-integration/8-3-automatic-junit-execution/index.html]
[www.sureassert.com/uc/documentation/index.html]
[www.sureassert.com/uc/download/index.html]
[www.sureassert.com/uc/getting-started/index.html]
[www.sureassert.com/docs/javadoc/deprecated-list.html]
[www.sureassert.com/uc/licensing/index.html]
[www.sureassert.com/uc/forums/index.html]
[www.sureassert.com/uc/support/index.html]
[www.sureassert.com/docs/javadoc/index-files/index-1.html]
[www.sureassert.com/docs/javadoc/resources/titlebar.gif]
[www.sureassert.com/docs/javadoc/resources/tab.gif]
[www.sureassert.com/docs/javadoc/resources/background.gif]
[www.sureassert.com/docs/javadoc/help-doc.html]
[www.sureassert.com/docs/javadoc/indexd185.html]
[www.sureassert.com/uc/about-us/index.html]
[www.sureassert.com/docs/javadoc/resources/titlebar_end.gif]
[www.sureassert.com/docs/javadoc/org/sureassert/uc/annotation/class-use/Exemplar.html]
[www.sureassert.com/docs/javadoc/index7880.html]
[www.sureassert.com/docs/javadoc/org/sureassert/uc/annotation/class-use/Exemplars.html]
[www.sureassert.com/docs/javadoc/index460c.html]
[www.sureassert.com/docs/javadoc/org/sureassert/uc/annotation/class-use/HasJUnit.html]
[www.sureassert.com/docs/javadoc/index9f4b.html]
[www.sureassert.com/docs/javadoc/org/sureassert/uc/annotation/class-use/IgnoreTestCoverage.html]
[www.sureassert.com/docs/javadoc/indexb67b.html]
[www.sureassert.com/docs/javadoc/org/sureassert/uc/annotation/class-use/MultiUseCase.html]
[www.sureassert.com/docs/javadoc/index8049.html]
[www.sureassert.com/docs/javadoc/org/sureassert/uc/annotation/class-use/NamedClass.html]
[www.sureassert.com/docs/javadoc/index8d5b.html]
[www.sureassert.com/docs/javadoc/org/sureassert/uc/annotation/class-use/NamedInstance.html]
[www.sureassert.com/docs/javadoc/allclasses-noframe.html]
[www.sureassert.com/docs/javadoc/index03a8.html]
[www.sureassert.com/docs/javadoc/org/sureassert/uc/annotation/class-use/NoAutoRun.html]
[www.sureassert.com/docs/javadoc/index2998.html]
[www.sureassert.com/docs/javadoc/org/sureassert/uc/annotation/class-use/SINType.html]
[www.sureassert.com/docs/javadoc/indexcd80.html]
[www.sureassert.com/docs/javadoc/org/sureassert/uc/annotation/class-use/Stubs.html]
[www.sureassert.com/docs/javadoc/indexd240.html]
[www.sureassert.com/docs/javadoc/org/sureassert/uc/annotation/class-use/TestDouble.html]
[www.sureassert.com/docs/javadoc/index5d6f.html]
[www.sureassert.com/docs/javadoc/org/sureassert/uc/annotation/class-use/TestState.html]
[www.sureassert.com/docs/javadoc/indexb849.html]
[www.sureassert.com/docs/javadoc/org/sureassert/uc/annotation/class-use/UseCase.html]
[www.sureassert.com/docs/javadoc/indexa5ab.html]
[www.sureassert.com/docs/javadoc/indexa477.html]
[www.sureassert.com/docs/javadoc/index6980.html]
[www.sureassert.com/wp-content/themes/twentyten/images/wordpress.png]
[www.sureassert.com/wp-content/themes/twentyten/style.css]
[www.sureassert.com/xmlrpc.php]
[www.sureassert.com/docs/javadoc/index94a5.html]
[www.sureassert.com/uc/feed/index.html]
[www.sureassert.com/docs/javadoc/indexefe4.html]
[www.sureassert.com/docs/javadoc/index-files/index-3.html]
[www.sureassert.com/docs/javadoc/index-files/index-2.html]
[www.sureassert.com/docs/javadoc/index-files/index-4.html]
[www.sureassert.com/docs/javadoc/index-files/index-5.html]
[www.sureassert.com/docs/javadoc/index-files/index-6.html]
[www.sureassert.com/docs/javadoc/index-files/index-7.html]
[www.sureassert.com/docs/javadoc/index-files/index-8.html]
[www.sureassert.com/docs/javadoc/index-files/index-9.html]
[www.sureassert.com/uc/wp-json/oembed/1.0/embed56e9.json]
[www.sureassert.com/docs/javadoc/indexb46a.html]
[www.sureassert.com/docs/javadoc/overview-tree.html]
[www.sureassert.com/uc/wp-json/oembed/1.0/embed814d]
[www.sureassert.com/docs/javadoc/constant-values.html]
[www.sureassert.com/uc/news/feed/index.html]
[www.sureassert.com/mantis/view40ac.php]
[www.sureassert.com/mantis/login_pagebb67.html]
[www.sureassert.com/mantis/viewd5e8.php]
[www.sureassert.com/mantis/login_page31c3.html]
[www.sureassert.com/mantis/viewef73.php]
[www.sureassert.com/mantis/login_page4b5f.html]
[www.sureassert.com/mantis/view6fb5.php]
[www.sureassert.com/mantis/login_pagee27c.html]
[www.sureassert.com/mantis/view8bcf.php]
[www.sureassert.com/mantis/login_page2c14.html]
[www.sureassert.com/mantis/view95dc.php]
[www.sureassert.com/mantis/login_page35c2.html]
[www.sureassert.com/mantis/view1434.php]
[www.sureassert.com/mantis/login_page0efa.html]
[www.sureassert.com/mantis/view9e43.php]
[www.sureassert.com/mantis/login_page4a84.html]
[www.sureassert.com/mantis/view0055.php]
[www.sureassert.com/mantis/login_page872e.html]
[www.sureassert.com/mantis/viewea25.php]
[www.sureassert.com/mantis/login_pageee69.html]
[www.sureassert.com/mantis/view9c8a.php]
[www.sureassert.com/mantis/login_page4ec8.html]
[www.sureassert.com/mantis/view2e5f.php]
[www.sureassert.com/mantis/login_pagec33e.html]
[www.sureassert.com/mantis/view6258.php]
[www.sureassert.com/mantis/login_page305a.html]
[www.sureassert.com/mantis/viewe5cc.php]
[www.sureassert.com/mantis/login_pageaa2d.html]
[www.sureassert.com/mantis/viewa9bc.php]
[www.sureassert.com/mantis/login_page2260.html]
[www.sureassert.com/mantis/viewe371.php]
[www.sureassert.com/mantis/login_pagea546.html]
[www.sureassert.com/mantis/view190a.php]
[www.sureassert.com/mantis/login_pagebd67.html]
[www.sureassert.com/mantis/view2728.php]
[www.sureassert.com/mantis/login_pageadb3.html]
[www.sureassert.com/mantis/view7429.php]
[www.sureassert.com/mantis/login_pageac8c.html]
[www.sureassert.com/mantis/view87f1.php]
[www.sureassert.com/mantis/login_page0331.html]
[www.sureassert.com/mantis/view6e03.php]
[www.sureassert.com/mantis/login_page587e.html]
[www.sureassert.com/mantis/viewf41b.php]
[www.sureassert.com/mantis/login_pageb536.html]
[www.sureassert.com/mantis/view5255.php]
[www.sureassert.com/mantis/login_page0c7e.html]
[www.sureassert.com/mantis/view8803.php]
[www.sureassert.com/mantis/login_pagecbdb.html]
[www.sureassert.com/mantis/viewc3c9.php]
[www.sureassert.com/mantis/login_page4a2c.html]
[www.sureassert.com/mantis/view3a9f.php]
[www.sureassert.com/mantis/login_page53e9.html]
[www.sureassert.com/mantis/viewd61c.php]
[www.sureassert.com/mantis/login_pagebef3.html]
[www.sureassert.com/mantis/viewdcfd.php]
[www.sureassert.com/mantis/login_page9956.html]
[www.sureassert.com/mantis/viewd708.php]
[www.sureassert.com/mantis/login_page90b3.html]
[www.sureassert.com/mantis/view0b30.php]
[www.sureassert.com/mantis/login_page677a.html]
[www.sureassert.com/mantis/view681a.php]
[www.sureassert.com/uc/news/index.html]
[www.sureassert.com/mantis/login_page64f2.html]
[www.sureassert.com/uc/wp-json/oembed/1.0/embeda078.json]
[www.sureassert.com/uc/features/feed/index.html]
[www.sureassert.com/uc/wp-json/oembed/1.0/embed6f55]
[www.sureassert.com/uc/features/index.html]
[www.sureassert.com/uc/wp-json/oembed/1.0/embedbc05.json]
[www.sureassert.com/uc/wp-json/oembed/1.0/embed48a7]
[www.sureassert.com/wp-content/uploads/2011/03/example1.png]
[www.sureassert.com/uc/features/use-cases/feed/index.html]
[www.sureassert.com/wp-content/uploads/2011/03/example2.png]
[www.sureassert.com/uc/features/use-cases/index.html]
[www.sureassert.com/uc/wp-json/oembed/1.0/embed0d3b.json]
[www.sureassert.com/uc/features/automatic-continuous-testing/feed/index.html]
[www.sureassert.com/uc/features/automatic-continuous-testing/index.html]
[www.sureassert.com/uc/wp-json/oembed/1.0/embed8050]
[www.sureassert.com/uc/wp-json/oembed/1.0/embed5d8a.json]
[www.sureassert.com/uc/features/real-time-continuous-test-coverage-reporting/feed/index.html]
[www.sureassert.com/uc/wp-json/oembed/1.0/embed5fc6]
[www.sureassert.com/wp-content/uploads/2011/03/example32.png]
[www.sureassert.com/wp-content/uploads/2011/03/coverage2.png]
[www.sureassert.com/uc/features/real-time-continuous-test-coverage-reporting/index.html]
[www.sureassert.com/uc/wp-json/oembed/1.0/embed6459.json]
[www.sureassert.com/uc/features/declarative-stubbing/feed/index.html]
[www.sureassert.com/uc/wp-json/oembed/1.0/embedd2ec]
[www.sureassert.com/wp-content/uploads/2011/03/methodstub1.png]
[www.sureassert.com/wp-content/uploads/2011/03/sourcestub1.png]
[www.sureassert.com/uc/features/declarative-stubbing/index.html]
[www.sureassert.com/uc/wp-json/oembed/1.0/embed0488.json]
[www.sureassert.com/uc/wp-json/oembed/1.0/embed0ce1]
[www.sureassert.com/uc/features/comprehensive-junit-integration/feed/index.html]
[www.sureassert.com/wp-content/uploads/2011/03/junit2.png]
[www.sureassert.com/wp-content/uploads/2011/03/junit11.png]
[www.sureassert.com/wp-content/uploads/2011/03/junit3.png]
[www.sureassert.com/uc/features/comprehensive-junit-integration/index.html]
[www.sureassert.com/uc/wp-json/oembed/1.0/embedda66.json]
[www.sureassert.com/uc/guide/feed/index.html]
[www.sureassert.com/uc/guide/index.html]
[www.sureassert.com/uc/wp-json/oembed/1.0/embed06c3]
[www.sureassert.com/uc/wp-json/oembed/1.0/embed368e.json]
[www.sureassert.com/uc/guide/1-key-concepts/feed/index.html]
[www.sureassert.com/uc/wp-json/oembed/1.0/embedb51a]
[www.sureassert.com/uc/guide/1-key-concepts/index.html]
[www.sureassert.com/uc/wp-json/oembed/1.0/embed9122.json]
[www.sureassert.com/uc/guide/1-key-concepts/1-1-declarative-unit-testing-with-exemplars/feed/index.html]
[www.sureassert.com/uc/wp-json/oembed/1.0/embed77ab]
[www.sureassert.com/uc/guide/1-key-concepts/1-1-declarative-unit-testing-with-exemplars/index.html]
[www.sureassert.com/uc/wp-json/oembed/1.0/embed8239.json]
[www.sureassert.com/uc/guide/1-key-concepts/continuous-unit-testing/feed/index.html]
[www.sureassert.com/uc/wp-json/oembed/1.0/embeda8eb]
[www.sureassert.com/uc/guide/1-key-concepts/continuous-unit-testing/index.html]
[www.sureassert.com/uc/wp-json/oembed/1.0/embed46bc.json]
[www.sureassert.com/uc/guide/1-key-concepts/1-3-real-time-test-coverage-reporting/feed/index.html]
[www.sureassert.com/uc/wp-json/oembed/1.0/embedfa86]
[www.sureassert.com/uc/guide/1-key-concepts/1-3-real-time-test-coverage-reporting/index.html]
[www.sureassert.com/uc/wp-json/oembed/1.0/embede42c.json]
[www.sureassert.com/uc/guide/1-key-concepts/1-4-junit-integration/feed/index.html]
[www.sureassert.com/uc/wp-json/oembed/1.0/embedf5ef]
[www.sureassert.com/uc/guide/1-key-concepts/1-4-junit-integration/index.html]
[www.sureassert.com/uc/wp-json/oembed/1.0/embedda62.json]
[www.sureassert.com/uc/guide/1-key-concepts/1-5-about-adding-the-sureassert-dependency/feed/index.html]
[www.sureassert.com/uc/wp-json/oembed/1.0/embed9ee6]
[www.sureassert.com/uc/guide/1-key-concepts/1-5-about-adding-the-sureassert-dependency/index.html]
[www.sureassert.com/uc/wp-json/oembed/1.0/embed6e0c.json]
[www.sureassert.com/uc/guide/1-key-concepts/1-6-about-adding-declarative-tests-to-your-production-code/feed/index.html]
[www.sureassert.com/uc/wp-json/oembed/1.0/embed55d5]
[www.sureassert.com/uc/guide/1-key-concepts/1-6-about-adding-declarative-tests-to-your-production-code/index.html]
[www.sureassert.com/uc/wp-json/oembed/1.0/embedf425.json]
[www.sureassert.com/uc/guide/1-key-concepts/1-7-use-cases/feed/index.html]
[www.sureassert.com/uc/wp-json/oembed/1.0/embeda808]
[www.sureassert.com/uc/guide/1-key-concepts/1-7-use-cases/index.html]
[www.sureassert.com/uc/wp-json/oembed/1.0/embedd6d5.json]
[www.sureassert.com/uc/guide/1-key-concepts/1-8-stubbing-and-mocking/feed/index.html]
[www.sureassert.com/uc/wp-json/oembed/1.0/embeda2ed]
[www.sureassert.com/uc/guide/1-key-concepts/1-8-stubbing-and-mocking/index.html]
[www.sureassert.com/uc/wp-json/oembed/1.0/embedce55.json]
[www.sureassert.com/uc/guide/2-the-sureassert-uc-engine-for-eclipse/feed/index.html]
[www.sureassert.com/uc/wp-json/oembed/1.0/embed0758]
[www.sureassert.com/uc/guide/2-the-sureassert-uc-engine-for-eclipse/index.html]
[www.sureassert.com/uc/wp-json/oembed/1.0/embed5652.json]
[www.sureassert.com/uc/guide/2-the-sureassert-uc-engine-for-eclipse/2-1-automatic-incremental-execution/feed/index.html]
[www.sureassert.com/uc/wp-json/oembed/1.0/embed2990]
[www.sureassert.com/uc/guide/2-the-sureassert-uc-engine-for-eclipse/2-1-automatic-incremental-execution/index.html]
[www.sureassert.com/uc/wp-json/oembed/1.0/embed8eac.json]
[www.sureassert.com/uc/guide/2-the-sureassert-uc-engine-for-eclipse/2-2-the-background-uc-engine/feed/index.html]
[www.sureassert.com/uc/wp-json/oembed/1.0/embed8351]
[www.sureassert.com/uc/guide/2-the-sureassert-uc-engine-for-eclipse/2-2-the-background-uc-engine/index.html]
[www.sureassert.com/uc/wp-json/oembed/1.0/embedc641.json]
[www.sureassert.com/uc/guide/2-the-sureassert-uc-engine-for-eclipse/2-3-forcing-sureassert-uc-execution/feed/index.html]
[www.sureassert.com/uc/wp-json/oembed/1.0/embed3efb]
[www.sureassert.com/uc/guide/2-the-sureassert-uc-engine-for-eclipse/2-3-forcing-sureassert-uc-execution/index.html]
[www.sureassert.com/uc/wp-json/oembed/1.0/embed53cf.json]
[www.sureassert.com/uc/guide/2-the-sureassert-uc-engine-for-eclipse/2-4-debugging-exemplars-and-junits-with-sureassert-uc/feed/index.html]
[www.sureassert.com/uc/wp-json/oembed/1.0/embed9bc1]
[www.sureassert.com/uc/guide/2-the-sureassert-uc-engine-for-eclipse/2-4-debugging-exemplars-and-junits-with-sureassert-uc/index.html]
[www.sureassert.com/uc/wp-json/oembed/1.0/embed28ad.json]
[www.sureassert.com/uc/guide/2-the-sureassert-uc-engine-for-eclipse/2-5-testing-deadlocks-and-stopping-the-uc-engine/feed/index.html]
[www.sureassert.com/uc/wp-json/oembed/1.0/embedabaf]
[www.sureassert.com/uc/guide/2-the-sureassert-uc-engine-for-eclipse/2-5-testing-deadlocks-and-stopping-the-uc-engine/index.html]
[www.sureassert.com/uc/wp-json/oembed/1.0/embed034b.json]
[www.sureassert.com/uc/guide/3-exemplars/feed/index.html]
[www.sureassert.com/uc/wp-json/oembed/1.0/embed936b]
[www.sureassert.com/uc/guide/3-exemplars/index.html]
[www.sureassert.com/uc/wp-json/oembed/1.0/embedf78b.json]
[www.sureassert.com/uc/guide/3-exemplars/3-1-annotating-methods-with-exemplars/feed/index.html]
[www.sureassert.com/uc/wp-json/oembed/1.0/embedded8]
[www.sureassert.com/wp-content/plugins/syntaxhighlighter/syntaxhighlighter3/scripts/shCore677a.js]
[www.sureassert.com/wp-content/plugins/syntaxhighlighter/syntaxhighlighter3/scripts/shBrushJava677a.js]
[www.sureassert.com/wp-content/plugins/syntaxhighlighter/syntaxhighlighter3/styles/shCore677a.css]
[www.sureassert.com/wp-content/plugins/syntaxhighlighter/syntaxhighlighter3/styles/shThemeDefault677a.css]
[www.sureassert.com/uc/guide/3-exemplars/3-1-annotating-methods-with-exemplars/index.html]
[www.sureassert.com/uc/wp-json/oembed/1.0/embededf4.json]
[www.sureassert.com/uc/guide/3-exemplars/3-2-passing-method-arguments/feed/index.html]
[www.sureassert.com/uc/guide/3-exemplars/3-2-passing-method-arguments/index.html]
[www.sureassert.com/uc/wp-json/oembed/1.0/embed58af]
[www.sureassert.com/uc/wp-json/oembed/1.0/embede33a.json]
[www.sureassert.com/uc/guide/3-exemplars/3-3-sin-expressions/feed/index.html]
[www.sureassert.com/uc/wp-json/oembed/1.0/embed1dce]
[www.sureassert.com/uc/guide/3-exemplars/3-3-sin-expressions/index.html]
[www.sureassert.com/uc/wp-json/oembed/1.0/embed861d.json]
[www.sureassert.com/uc/guide/3-exemplars/3-4-sureassert-named-instances/feed/index.html]
[www.sureassert.com/uc/wp-json/oembed/1.0/embed5ab0]
[www.sureassert.com/uc/guide/3-exemplars/3-4-sureassert-named-instances/index.html]
[www.sureassert.com/uc/wp-json/oembed/1.0/embedae17.json]
[www.sureassert.com/uc/guide/3-exemplars/3-5-specifying-and-initializing-the-object-under-test/feed/index.html]
[www.sureassert.com/uc/wp-json/oembed/1.0/embed3a37]
[www.sureassert.com/uc/guide/3-exemplars/3-5-specifying-and-initializing-the-object-under-test/index.html]
[www.sureassert.com/uc/wp-json/oembed/1.0/embedf887.json]
[www.sureassert.com/uc/guide/3-exemplars/3-6-viewing-results-and-other-test-information/feed/index.html]
[www.sureassert.com/uc/wp-json/oembed/1.0/embedcdc3]
[www.sureassert.com/uc/guide/3-exemplars/3-6-viewing-results-and-other-test-information/index.html]
[www.sureassert.com/uc/wp-json/oembed/1.0/embedc9b5.json]
[www.sureassert.com/uc/guide/3-exemplars/3-7-asserting-expected-results/feed/index.html]
[www.sureassert.com/uc/wp-json/oembed/1.0/embedd19d]
[www.sureassert.com/uc/guide/3-exemplars/3-7-asserting-expected-results/index.html]
[www.sureassert.com/uc/wp-json/oembed/1.0/embed8394.json]
[www.sureassert.com/uc/guide/3-exemplars/3-8-using-exemplars-in-interfaces-and-abstract-classes/feed/index.html]
[www.sureassert.com/uc/wp-json/oembed/1.0/embed298a]
[www.sureassert.com/uc/guide/3-exemplars/3-8-using-exemplars-in-interfaces-and-abstract-classes/index.html]
[www.sureassert.com/uc/wp-json/oembed/1.0/embed8562.json]
[www.sureassert.com/uc/guide/3-exemplars/3-9-setup-and-tear-down-before-and-after/feed/index.html]
[www.sureassert.com/uc/wp-json/oembed/1.0/embed7c4f]
[www.sureassert.com/uc/guide/3-exemplars/3-9-setup-and-tear-down-before-and-after/index.html]
[www.sureassert.com/uc/wp-json/oembed/1.0/embeda33f.json]
[www.sureassert.com/uc/guide/3-exemplars/3-10-further-documenting-your-exemplars/feed/index.html]
[www.sureassert.com/uc/wp-json/oembed/1.0/embedb6bc]
[www.sureassert.com/uc/guide/3-exemplars/3-10-further-documenting-your-exemplars/index.html]
[www.sureassert.com/uc/wp-json/oembed/1.0/embed2d8e.json]
[www.sureassert.com/uc/guide/3-exemplars/3-11-shorthand-exemplar-properties/feed/index.html]
[www.sureassert.com/uc/wp-json/oembed/1.0/embede134]
[www.sureassert.com/uc/guide/3-exemplars/3-11-shorthand-exemplar-properties/index.html]
[www.sureassert.com/uc/wp-json/oembed/1.0/embedeac0.json]
[www.sureassert.com/uc/guide/3-exemplars/3-12-inner-classes/feed/index.html]
[www.sureassert.com/uc/wp-json/oembed/1.0/embedb8d0]
[www.sureassert.com/uc/guide/3-exemplars/3-12-inner-classes/index.html]
[www.sureassert.com/uc/wp-json/oembed/1.0/embedef89.json]
[www.sureassert.com/uc/guide/3-exemplars/3-13-avoiding-duplication-in-exemplars-using-the-template-property/feed/index.html]
[www.sureassert.com/uc/wp-json/oembed/1.0/embedd164]
[www.sureassert.com/uc/guide/3-exemplars/3-13-avoiding-duplication-in-exemplars-using-the-template-property/index.html]
[www.sureassert.com/uc/wp-json/oembed/1.0/embed9896.json]
[www.sureassert.com/uc/guide/4-in-line-assertions/feed/index.html]
[www.sureassert.com/uc/wp-json/oembed/1.0/embedaaf2]
[www.sureassert.com/uc/guide/4-in-line-assertions/index.html]
[www.sureassert.com/uc/wp-json/oembed/1.0/embeda5f1.json]
[www.sureassert.com/uc/guide/5-test-isolation/feed/index.html]
[www.sureassert.com/uc/wp-json/oembed/1.0/embed3507]
[www.sureassert.com/uc/guide/5-test-isolation/index.html]
[www.sureassert.com/uc/wp-json/oembed/1.0/embed0450.json]
[www.sureassert.com/uc/wp-json/oembed/1.0/embed960f]
[www.sureassert.com/uc/guide/5-test-isolation/5-1-test-doubles/index.html]
[www.sureassert.com/uc/guide/5-test-isolation/5-1-test-doubles/feed/index.html]
[www.sureassert.com/uc/wp-json/oembed/1.0/embed45c5.json]
[www.sureassert.com/uc/guide/5-test-isolation/5-2-method-stubs/feed/index.html]
[www.sureassert.com/uc/wp-json/oembed/1.0/embed6722]
[www.sureassert.com/uc/guide/5-test-isolation/5-2-method-stubs/index.html]
[www.sureassert.com/uc/wp-json/oembed/1.0/embedcea8.json]
[www.sureassert.com/uc/guide/5-test-isolation/5-3-source-stubs-–-directly-manipulating-the-code-under-test/feed/index.html]
[www.sureassert.com/uc/wp-json/oembed/1.0/embedd1b0]
[www.sureassert.com/uc/guide/5-test-isolation/5-3-source-stubs-–-directly-manipulating-the-code-under-test/index.html]
[www.sureassert.com/uc/wp-json/oembed/1.0/embed8b50.json]
[www.sureassert.com/uc/guide/5-test-isolation/5-4-expecting-stub-invocation-vstubs/feed/index.html]
[www.sureassert.com/uc/wp-json/oembed/1.0/embed0c5d]
[www.sureassert.com/uc/guide/5-test-isolation/5-4-expecting-stub-invocation-vstubs/index.html]
[www.sureassert.com/uc/wp-json/oembed/1.0/embed1891.json]
[www.sureassert.com/uc/guide/5-test-isolation/5-5-default-classes/feed/index.html]
[www.sureassert.com/uc/guide/5-test-isolation/5-5-default-classes/index.html]
[www.sureassert.com/uc/wp-json/oembed/1.0/embed00ea]
[www.sureassert.com/uc/wp-json/oembed/1.0/embedd077.json]
[www.sureassert.com/uc/guide/6-behaviour-verification/feed/index.html]
[www.sureassert.com/uc/wp-json/oembed/1.0/embedabfc]
[www.sureassert.com/uc/guide/6-behaviour-verification/index.html]
[www.sureassert.com/uc/wp-json/oembed/1.0/embedfeee.json]
[www.sureassert.com/uc/guide/6-behaviour-verification/6-1-using-verify-to-perform-behaviour-verification/feed/index.html]
[www.sureassert.com/uc/wp-json/oembed/1.0/embed1322]
[www.sureassert.com/uc/guide/6-behaviour-verification/6-1-using-verify-to-perform-behaviour-verification/index.html]
[www.sureassert.com/uc/wp-json/oembed/1.0/embed5bea.json]
[www.sureassert.com/uc/guide/6-behaviour-verification/6-2-verifying-stub-invocation/feed/index.html]
[www.sureassert.com/uc/wp-json/oembed/1.0/embed0dce]
[www.sureassert.com/uc/guide/6-behaviour-verification/6-2-verifying-stub-invocation/index.html]
[www.sureassert.com/uc/wp-json/oembed/1.0/embedc9c8.json]
[www.sureassert.com/uc/guide/7-coverage-reporting/feed/index.html]
[www.sureassert.com/uc/wp-json/oembed/1.0/embed668a]
[www.sureassert.com/uc/guide/7-coverage-reporting/index.html]
[www.sureassert.com/uc/wp-json/oembed/1.0/embed4af7.json]
[www.sureassert.com/uc/wp-json/oembed/1.0/embed4a4e]
[www.sureassert.com/uc/guide/7-coverage-reporting/7-1-graphical-in-line-reporting/index.html]
[www.sureassert.com/uc/guide/7-coverage-reporting/7-1-graphical-in-line-reporting/feed/index.html]
[www.sureassert.com/uc/wp-json/oembed/1.0/embed4c4d.json]
[www.sureassert.com/uc/guide/7-coverage-reporting/7-2-file-level-information-warnings-and-errors/feed/index.html]
[www.sureassert.com/uc/wp-json/oembed/1.0/embed161a]
[www.sureassert.com/uc/guide/7-coverage-reporting/7-2-file-level-information-warnings-and-errors/index.html]
[www.sureassert.com/uc/wp-json/oembed/1.0/embed0c48.json]
[www.sureassert.com/uc/guide/7-coverage-reporting/7-3-using-ignoretestcoverage/feed/index.html]
[www.sureassert.com/uc/wp-json/oembed/1.0/embed31ae]
[www.sureassert.com/uc/guide/7-coverage-reporting/7-3-using-ignoretestcoverage/index.html]
[www.sureassert.com/uc/wp-json/oembed/1.0/embedea77.json]
[www.sureassert.com/uc/guide/7-coverage-reporting/7-4-configuration/feed/index.html]
[www.sureassert.com/uc/wp-json/oembed/1.0/embedd5fa]
[www.sureassert.com/uc/guide/7-coverage-reporting/7-4-configuration/index.html]
[www.sureassert.com/uc/wp-json/oembed/1.0/embed5407.json]
[www.sureassert.com/uc/guide/8-junit-integration/feed/index.html]
[www.sureassert.com/uc/wp-json/oembed/1.0/embed5d4e]
[www.sureassert.com/uc/guide/8-junit-integration/index.html]
[www.sureassert.com/uc/wp-json/oembed/1.0/embed76a1.json]
[www.sureassert.com/uc/guide/8-junit-integration/8-1-the-junit-library/feed/index.html]
[www.sureassert.com/uc/wp-json/oembed/1.0/embed7f5e]
[www.sureassert.com/uc/guide/8-junit-integration/8-1-the-junit-library/index.html]
[www.sureassert.com/uc/wp-json/oembed/1.0/embedf60f.json]
[www.sureassert.com/uc/guide/8-junit-integration/8-2-declarative-junit-test-class-association/feed/index.html]
[www.sureassert.com/uc/wp-json/oembed/1.0/embed49a4]
[www.sureassert.com/uc/guide/8-junit-integration/8-2-declarative-junit-test-class-association/index.html]
[www.sureassert.com/uc/wp-json/oembed/1.0/embed5da7.json]
[www.sureassert.com/uc/guide/8-junit-integration/8-3-automatic-junit-execution/feed/index.html]
[www.sureassert.com/uc/wp-json/oembed/1.0/embed2f09]
[www.sureassert.com/uc/guide/8-junit-integration/8-3-automatic-junit-execution/index.html]
[www.sureassert.com/uc/wp-json/oembed/1.0/embedb7e6.json]
[www.sureassert.com/uc/guide/8-junit-integration/8-4-sureassert-stubs-with-junit/feed/index.html]
[www.sureassert.com/uc/wp-json/oembed/1.0/embedad1a]
[www.sureassert.com/uc/guide/8-junit-integration/8-4-sureassert-stubs-with-junit/index.html]
[www.sureassert.com/uc/documentation/feed/index.html]
[www.sureassert.com/uc/wp-json/oembed/1.0/embedb44f.json]
[www.sureassert.com/uc/wp-json/oembed/1.0/embed43cd]
[www.sureassert.com/uc/documentation/index.html]
[www.sureassert.com/uc/wp-json/oembed/1.0/embed6dc1.json]
[www.sureassert.com/uc/download/feed/index.html]
[www.sureassert.com/uc/wp-json/oembed/1.0/embedda35]
[marketplace.eclipse.org/misc/installbutton.e2.delayed]
[marketplace.eclipse.org/sites/all/themes/solstice/public/images/components/drag-drop/installbutton.png]
[www.sureassert.com/distro/com.sureassert.uc.update.zip]
[www.sureassert.com/uc/download/index.html]
[www.sureassert.com/uc/getting-started/feed/index.html]
[www.sureassert.com/uc/wp-json/oembed/1.0/embed081f.json]
[www.sureassert.com/uc/wp-json/oembed/1.0/embeda8f0]
[www.sureassert.com/wp-content/uploads/2011/03/tutorial3.png]
[www.sureassert.com/wp-content/uploads/2011/03/tutorial2.png]
[www.sureassert.com/wp-content/uploads/2011/03/tutorial1.png]
[www.sureassert.com/uc/getting-started/index.html]
[www.sureassert.com/uc/licensing/feed/index.html]
[www.sureassert.com/uc/wp-json/oembed/1.0/embed6f44.json]
[www.sureassert.com/uc/licensing/index.html]
[www.sureassert.com/uc/wp-json/oembed/1.0/embedc484]
[www.sureassert.com/uc/forums/feed/index.html]
[www.sureassert.com/uc/wp-json/oembed/1.0/embed417a.json]
[www.sureassert.com/uc/forums/index.html]
[www.sureassert.com/uc/wp-json/oembed/1.0/embed2da5]
[www.sureassert.com/uc/wp-json/oembed/1.0/embed1434.json]
[www.sureassert.com/uc/support/feed/index.html]
[www.sureassert.com/uc/wp-json/oembed/1.0/embed336d]
[www.sureassert.com/uc/support/index.html]
[www.sureassert.com/uc/wp-json/oembed/1.0/embedc345.json]
[www.sureassert.com/mantis/index.html]
[www.sureassert.com/uc/about-us/feed/index.html]
[www.sureassert.com/uc/wp-json/oembed/1.0/embed5ebf]
[www.sureassert.com/wp-content/uploads/2011/05/me3.jpg]
[www.sureassert.com/uc/about-us/index.html]
[www.paypalobjects.com/WEBSCR-640-20110429-1/en_GB/i/scr/pixel.gif]
[www.sureassert.com/donate.html]
[www.sureassert.com/wp-loginc2b6.html]
[www.sureassert.com/wp-login0ddc.html]
[www.sureassert.com/wp-login.html]
[www.sureassert.com/docs/javadoc/org/sureassert/uc/annotation/class-use/Exemplar.html]
[www.sureassert.com/wp-admin/load-stylesaef9.css]
[www.sureassert.com/docs/javadoc/index7880.html]
[www.sureassert.com/docs/javadoc/org/sureassert/uc/annotation/class-use/Exemplars.html]
[www.sureassert.com/docs/javadoc/indexc54c.html]
[www.sureassert.com/docs/javadoc/index460c.html]
[www.sureassert.com/docs/javadoc/org/sureassert/uc/annotation/class-use/HasJUnit.html]
[www.sureassert.com/docs/javadoc/indexe0fa.html]
[www.sureassert.com/docs/javadoc/index9f4b.html]
[www.sureassert.com/docs/javadoc/indexb234.html]
[www.sureassert.com/docs/javadoc/org/sureassert/uc/annotation/class-use/IgnoreTestCoverage.html]
[www.sureassert.com/docs/javadoc/indexb67b.html]
[www.sureassert.com/docs/javadoc/org/sureassert/uc/annotation/class-use/MultiUseCase.html]
[www.sureassert.com/docs/javadoc/index8049.html]
[www.sureassert.com/docs/javadoc/org/sureassert/uc/annotation/class-use/NamedClass.html]
[www.sureassert.com/docs/javadoc/indexc273.html]
[www.sureassert.com/docs/javadoc/indexa3bf.html]
[www.sureassert.com/docs/javadoc/indexf650.html]
[www.sureassert.com/docs/javadoc/index8d5b.html]
[www.sureassert.com/docs/javadoc/org/sureassert/uc/annotation/class-use/NamedInstance.html]
[www.sureassert.com/docs/javadoc/index03a8.html]
[www.sureassert.com/docs/javadoc/org/sureassert/uc/annotation/class-use/NoAutoRun.html]
[www.sureassert.com/docs/javadoc/index2998.html]
[www.sureassert.com/docs/javadoc/org/sureassert/uc/annotation/class-use/SINType.html]
[www.sureassert.com/docs/javadoc/indexc293.html]
[www.sureassert.com/docs/javadoc/index592e.html]
[www.sureassert.com/docs/javadoc/index3b34.html]
[www.sureassert.com/docs/javadoc/indexcd80.html]
[www.sureassert.com/docs/javadoc/org/sureassert/uc/annotation/class-use/Stubs.html]
[www.sureassert.com/docs/javadoc/indexd240.html]
[www.sureassert.com/docs/javadoc/org/sureassert/uc/annotation/class-use/TestDouble.html]
[www.sureassert.com/docs/javadoc/index5d6f.html]
[www.sureassert.com/docs/javadoc/org/sureassert/uc/annotation/class-use/TestState.html]
[www.sureassert.com/docs/javadoc/index2989.html]
[www.sureassert.com/docs/javadoc/indexaaaa.html]
[www.sureassert.com/docs/javadoc/index0e13.html]
[www.sureassert.com/docs/javadoc/indexb849.html]
[www.sureassert.com/docs/javadoc/org/sureassert/uc/annotation/class-use/UseCase.html]
[www.sureassert.com/docs/javadoc/indexa5ab.html]
[www.sureassert.com/docs/javadoc/indexa477.html]
[www.sureassert.com/docs/javadoc/index6980.html]
[www.sureassert.com/docs/javadoc/index94a5.html]
[www.sureassert.com/docs/javadoc/index-files/index-2.html]
[www.sureassert.com/docs/javadoc/indexefe4.html]
[www.sureassert.com/docs/javadoc/index-files/index-3.html]
[www.sureassert.com/docs/javadoc/index72de.html]
[www.sureassert.com/docs/javadoc/indexc8a6.html]
[www.sureassert.com/docs/javadoc/index054b.html]
[www.sureassert.com/docs/javadoc/index-files/index-4.html]
[www.sureassert.com/docs/javadoc/index-files/index-5.html]
[www.sureassert.com/docs/javadoc/index-files/index-6.html]
[www.sureassert.com/docs/javadoc/index54e4.html]
[www.sureassert.com/docs/javadoc/index87ff.html]
[www.sureassert.com/docs/javadoc/indexb1b1.html]
[www.sureassert.com/docs/javadoc/index-files/index-7.html]
[www.sureassert.com/docs/javadoc/index-files/index-8.html]
[www.sureassert.com/docs/javadoc/index-files/index-9.html]
[www.sureassert.com/docs/javadoc/indexdd3e.html]
[www.sureassert.com/docs/javadoc/index0922.html]
[www.sureassert.com/docs/javadoc/index5ec3.html]
[www.sureassert.com/docs/javadoc/indexb46a.html]
[www.sureassert.com/docs/javadoc/overview-tree.html]
[www.sureassert.com/docs/javadoc/constant-values.html]
[www.sureassert.com/uc/index80c9.html]
[www.sureassert.com/docs/javadoc/indexcaf2.html]
[www.sureassert.com/docs/javadoc/indexd866.html]
[www.sureassert.com/mantis/css/default.css]
[www.sureassert.com/mantis/images/favicon.ico]
[www.sureassert.com/mantis/browser_search_plugin84ae.php]
[www.sureassert.com/mantis/browser_search_pluginb70d.php]
[www.sureassert.com/mantis/javascript/min/common.js]
[www.sureassert.com/mantis/javascript/min/ajax.js]
[www.sureassert.com/mantis/my_view_page.php]
[www.sureassert.com/mantis/login_page86e0.html]
[www.sureassert.com/mantis/images/mantis_logo.gif]
[www.sureassert.com/mantis/signup_page.html]
[www.sureassert.com/mantis/lost_pwd_page.html]
[www.sureassert.com/mantis/images/mantis_logo_button.gif]
[www.sureassert.com/mantis/login_pagebb67.html]
[www.sureassert.com/mantis/login_page31c3.html]
[www.sureassert.com/mantis/login_page4b5f.html]
[www.sureassert.com/mantis/login_pagee27c.html]
[www.sureassert.com/mantis/login_page2c14.html]
[www.sureassert.com/mantis/login_page35c2.html]
[www.sureassert.com/mantis/login_page0efa.html]
[www.sureassert.com/mantis/login_page4a84.html]
[www.sureassert.com/mantis/login_page872e.html]
[www.sureassert.com/mantis/login_pageee69.html]
[www.sureassert.com/mantis/login_page4ec8.html]
[www.sureassert.com/mantis/login_pagec33e.html]
[www.sureassert.com/mantis/login_page305a.html]
[www.sureassert.com/mantis/login_pageaa2d.html]
[www.sureassert.com/mantis/login_page2260.html]
[www.sureassert.com/mantis/login_pagea546.html]
[www.sureassert.com/mantis/login_pagebd67.html]
[www.sureassert.com/mantis/login_pageadb3.html]
[www.sureassert.com/mantis/login_pageac8c.html]
[www.sureassert.com/mantis/login_page0331.html]
[www.sureassert.com/mantis/login_page587e.html]
[www.sureassert.com/mantis/login_pageb536.html]
[www.sureassert.com/mantis/login_page0c7e.html]
[www.sureassert.com/mantis/login_pagecbdb.html]
[www.sureassert.com/mantis/login_page4a2c.html]
[www.sureassert.com/mantis/login_page53e9.html]
[www.sureassert.com/mantis/login_pagebef3.html]
[www.sureassert.com/mantis/login_page9956.html]
[www.sureassert.com/mantis/login_page90b3.html]
[www.sureassert.com/mantis/login_page677a.html]
[www.sureassert.com/mantis/login_page64f2.html]
[www.sureassert.com/uc/index4170.html]
[www.sureassert.com/indexe2e5.html]
[www.sureassert.com/index6184.html]
[www.sureassert.com/index2928.html]
[www.sureassert.com/indexc4a7.html]
[www.sureassert.com/indexcc8a.html]
[www.sureassert.com/uc/index8cf7.html]
[www.sureassert.com/uc/index5fb3.html]
[www.sureassert.com/uc/index8054.html]
[www.sureassert.com/uc/index1098.html]
[www.sureassert.com/uc/index094d.html]
[www.sureassert.com/uc/features/decalartive-stubbing/index.html]
[www.sureassert.com/uc/indexdd01.html]
[www.sureassert.com/uc/index8902.html]
[www.sureassert.com/uc/index3cee.html]
[www.sureassert.com/uc/indexf175.html]
[www.sureassert.com/uc/index834e.html]
[www.sureassert.com/uc/indexf604.html]
[www.sureassert.com/uc/index5294.html]
[www.sureassert.com/uc/indexf6a9.html]
[www.sureassert.com/uc/index80a3.html]
[www.sureassert.com/uc/indexc2ef.html]
[www.sureassert.com/uc/index820e.html]
[www.sureassert.com/uc/index2206.html]
[www.sureassert.com/uc/index8fbb.html]
[www.sureassert.com/uc/index8fec.html]
[www.sureassert.com/uc/indexca25.html]
[www.sureassert.com/uc/index57e7.html]
[www.sureassert.com/uc/index3e8e.html]
[www.sureassert.com/uc/indexf5a4.html]
[www.sureassert.com/wp-content/plugins/syntaxhighlighter/syntaxhighlighter3/styles/shCore677a.css]
[www.sureassert.com/wp-content/plugins/syntaxhighlighter/syntaxhighlighter3/styles/shThemeDefault677a.css]
[www.sureassert.com/uc/index4c85.html]
[www.sureassert.com/uc/indexe4db.html]
[www.sureassert.com/uc/index0364.html]
[www.sureassert.com/uc/index7aa0.html]
[www.sureassert.com/uc/index5ee4.html]
[www.sureassert.com/uc/index12d0.html]
[www.sureassert.com/uc/indexc3ba.html]
[www.sureassert.com/uc/index9222.html]
[www.sureassert.com/uc/index264a.html]
[www.sureassert.com/uc/indexe8d3.html]
[www.sureassert.com/uc/index0dc6.html]
[www.sureassert.com/uc/index5b8d.html]
[www.sureassert.com/uc/indexbc9e.html]
[www.sureassert.com/uc/index8a0c.html]
[www.sureassert.com/uc/guide/uc/guide/5-test-isolation/5-1-test-doubles/index.html]
[www.sureassert.com/uc/guide/uc/guide/5-test-isolation/5-2-method-stubs/index.html]
[www.sureassert.com/uc/guide/uc/guide/5-test-isolation/5-3-source-stubs-–-directly-manipulating-the-code-under-test/index.html]
[www.sureassert.com/uc/guide/uc/guide/5-test-isolation/5-4-expecting-stub-invocation-vstubs/index.html]
[www.sureassert.com/uc/guide/uc/guide/5-test-isolation/5-5-default-classes/index.html]
[www.sureassert.com/uc/index778b.html]
[www.sureassert.com/uc/indexf705.html]
[www.sureassert.com/uc/index2807.html]
[www.sureassert.com/uc/index9982.html]
[www.sureassert.com/uc/index28bc.html]
[www.sureassert.com/uc/indexb87d.html]
[www.sureassert.com/uc/guide/uc/guide/6-behaviour-verification/6-1-using-verify-to-perform-behaviour-verification/index.html]
[www.sureassert.com/uc/indexc37e.html]
[www.sureassert.com/uc/index28a7.html]
[www.sureassert.com/uc/index27cd.html]
[www.sureassert.com/uc/guide/uc/guide/7-coverage-reporting/7-1-graphical-in-line-reporting/index.html]
[www.sureassert.com/uc/guide/uc/guide/7-coverage-reporting/7-2-file-level-information-warnings-and-errors/index.html]
[www.sureassert.com/uc/guide/uc/guide/7-coverage-reporting/7-3-using-ignoretestcoverage/index.html]
[www.sureassert.com/uc/guide/uc/guide/7-coverage-reporting/7-4-configuration/index.html]
[www.sureassert.com/uc/index4976.html]
[www.sureassert.com/uc/indexde52.html]
[www.sureassert.com/uc/index0745.html]
[www.sureassert.com/uc/index5ff4.html]
[www.sureassert.com/uc/indexfdd5.html]
[www.sureassert.com/uc/guide/uc/guide/8-junit-integration/8-1-the-junit-library/index.html]
[www.sureassert.com/uc/guide/uc/guide/8-junit-integration/8-2-declarative-junit-test-class-association/index.html]
[www.sureassert.com/uc/guide/uc/guide/8-junit-integration/8-3-automatic-junit-execution/index.html]
[www.sureassert.com/uc/guide/uc/guide/8-junit-integration/8-4-sureassert-stubs-with-junit/index.html]
[www.sureassert.com/uc/index092b.html]
[www.sureassert.com/uc/index0d79.html]
[www.sureassert.com/uc/index044f.html]
[www.sureassert.com/uc/index4cfb.html]
[www.sureassert.com/uc/index735a.html]
[www.sureassert.com/uc/uc/getting-started/index.html]
[www.sureassert.com/uc/index5643.html]
[www.sureassert.com/uc/indexb135.html]
[www.sureassert.com/uc/index6c46.html]
[www.sureassert.com/uc/index0d0b.html]
[www.sureassert.com/uc/index1e7e.html]
[www.sureassert.com/distro/com.sureassert.uc.update.zip]
[www.sureassert.com/mantis/index.html]
[www.sureassert.com/uc/indexc39e.html]
[www.sureassert.com/mantis/login_page.html]
[www.sureassert.com/wp-includes/fonts/dashicons.eot]
[www.sureassert.com/wp-admin/images/loading.gif]
[www.sureassert.com/wp-admin/images/w-logo-blue7a53.png]
[www.sureassert.com/wp-admin/load-stylesaef9.css]
[www.sureassert.com/wp-loginc2b6.html]
[www.sureassert.com/wp-login67cb.html]
[www.sureassert.com/wp-admin/index.html]
[www.sureassert.com/docs/javadoc/indexc54c.html]
[www.sureassert.com/docs/javadoc/indexe0fa.html]
[www.sureassert.com/docs/javadoc/indexb234.html]
[www.sureassert.com/docs/javadoc/indexa3bf.html]
[www.sureassert.com/docs/javadoc/indexc273.html]
[www.sureassert.com/docs/javadoc/indexf650.html]
[www.sureassert.com/docs/javadoc/indexc293.html]
[www.sureassert.com/docs/javadoc/index592e.html]
[www.sureassert.com/docs/javadoc/index3b34.html]
[www.sureassert.com/docs/javadoc/index2989.html]
[www.sureassert.com/docs/javadoc/indexaaaa.html]
[www.sureassert.com/docs/javadoc/index0e13.html]
[www.sureassert.com/docs/javadoc/index72de.html]
[www.sureassert.com/docs/javadoc/indexc8a6.html]
[www.sureassert.com/docs/javadoc/index054b.html]
[www.sureassert.com/docs/javadoc/index54e4.html]
[www.sureassert.com/docs/javadoc/index87ff.html]
[www.sureassert.com/docs/javadoc/indexb1b1.html]
[www.sureassert.com/docs/javadoc/indexdd3e.html]
[www.sureassert.com/docs/javadoc/index0922.html]
[www.sureassert.com/docs/javadoc/index5ec3.html]
[www.sureassert.com/docs/javadoc/indexcaf2.html]
[www.sureassert.com/docs/javadoc/indexd866.html]
[www.sureassert.com/mantis/css/default.css]
[www.sureassert.com/mantis/login_page86e0.html]
[www.sureassert.com/mantis/make_captcha_img5183.jpg]
[www.sureassert.com/mantis/signup_page.html]
[www.sureassert.com/mantis/lost_pwd_page.html]
[www.sureassert.com/mantis/login_page.html]
[www.sureassert.com/wp-admin/images/wordpress-logo7d6b.svg]
[www.sureassert.com/wp-login67cb.html]
[www.sureassert.com/wp-admin/&reauth=1.html]
