[www.sureassert.com/docs/javadoc/index.html]
[backblue.gif]
[fade.gif]
[index.html]
[www.sureassert.com/docs/javadoc/index.html]
[www.sureassert.com/docs/javadoc/org/sureassert/uc/annotation/package-summary.html]
[www.sureassert.com/docs/javadoc/allclasses-frame.html]
[www.sureassert.com/docs/javadoc/allclasses-frame.html]
[www.sureassert.com/docs/javadoc/org/sureassert/uc/annotation/package-summary.html]
[www.sureassert.com/docs/javadoc/org/sureassert/uc/annotation/Exemplar.html]
[www.sureassert.com/docs/javadoc/stylesheet.css]
[www.sureassert.com/docs/javadoc/org/sureassert/uc/annotation/HasJUnit.html]
[www.sureassert.com/docs/javadoc/org/sureassert/uc/annotation/Exemplars.html]
[www.sureassert.com/docs/javadoc/stylesheet.css]
[www.sureassert.com/docs/javadoc/org/sureassert/uc/annotation/IgnoreTestCoverage.html]
[www.sureassert.com/docs/javadoc/org/sureassert/uc/annotation/Exemplar.html]
[www.sureassert.com/docs/javadoc/org/sureassert/uc/annotation/Exemplars.html]
[www.sureassert.com/docs/javadoc/org/sureassert/uc/annotation/MultiUseCase.html]
[www.sureassert.com/docs/javadoc/org/sureassert/uc/annotation/NamedInstance.html]
[www.sureassert.com/docs/javadoc/org/sureassert/uc/annotation/NamedClass.html]
[www.sureassert.com/docs/javadoc/org/sureassert/uc/annotation/NoAutoRun.html]
[www.sureassert.com/docs/javadoc/org/sureassert/uc/annotation/SINType.html]
[www.sureassert.com/docs/javadoc/org/sureassert/uc/annotation/HasJUnit.html]
[www.sureassert.com/docs/javadoc/org/sureassert/uc/annotation/IgnoreTestCoverage.html]
[www.sureassert.com/docs/javadoc/org/sureassert/uc/annotation/Stubs.html]
[www.sureassert.com/docs/javadoc/org/sureassert/uc/annotation/TestDouble.html]
[www.sureassert.com/docs/javadoc/org/sureassert/uc/annotation/TestState.html]
[www.sureassert.com/docs/javadoc/org/sureassert/uc/annotation/UseCase.html]
[www.sureassert.com/docs/javadoc/org/sureassert/uc/annotation/package-use.html]
[www.sureassert.com/docs/javadoc/org/sureassert/uc/annotation/MultiUseCase.html]
[www.sureassert.com/docs/javadoc/org/sureassert/uc/annotation/NamedClass.html]
[www.sureassert.com/docs/javadoc/org/sureassert/uc/annotation/NamedInstance.html]
[www.sureassert.com/docs/javadoc/org/sureassert/uc/annotation/package-tree.html]
[www.sureassert.com/docs/javadoc/deprecated-list.html]
[www.sureassert.com/docs/javadoc/index-files/index-1.html]
[www.sureassert.com/docs/javadoc/help-doc.html]
[www.sureassert.com/docs/javadoc/indexd185.html]
[www.sureassert.com/docs/javadoc/org/sureassert/uc/annotation/NoAutoRun.html]
[www.sureassert.com/docs/javadoc/org/sureassert/uc/annotation/SINType.html]
[www.sureassert.com/docs/javadoc/allclasses-noframe.html]
[www.sureassert.com/docs/javadoc/resources/titlebar.gif]
[www.sureassert.com/docs/javadoc/resources/background.gif]
[www.sureassert.com/docs/javadoc/resources/tab.gif]
[www.sureassert.com/docs/javadoc/org/sureassert/uc/annotation/Stubs.html]
[www.sureassert.com/docs/javadoc/org/sureassert/uc/annotation/TestDouble.html]
[www.sureassert.com/docs/javadoc/org/sureassert/uc/annotation/TestState.html]
[www.sureassert.com/docs/javadoc/resources/titlebar_end.gif]
[www.sureassert.com/docs/javadoc/index7880.html]
[www.sureassert.com/docs/javadoc/org/sureassert/uc/annotation/class-use/Exemplar.html]
[www.sureassert.com/docs/javadoc/org/sureassert/uc/annotation/class-use/Exemplars.html]
[www.sureassert.com/docs/javadoc/index460c.html]
[www.sureassert.com/docs/javadoc/org/sureassert/uc/annotation/UseCase.html]
[www.sureassert.com/docs/javadoc/org/sureassert/uc/annotation/package-use.html]
[www.sureassert.com/docs/javadoc/org/sureassert/uc/annotation/class-use/HasJUnit.html]
[www.sureassert.com/docs/javadoc/index9f4b.html]
[www.sureassert.com/docs/javadoc/org/sureassert/uc/annotation/class-use/IgnoreTestCoverage.html]
[www.sureassert.com/docs/javadoc/indexb67b.html]
[www.sureassert.com/docs/javadoc/org/sureassert/uc/annotation/class-use/MultiUseCase.html]
[www.sureassert.com/docs/javadoc/org/sureassert/uc/annotation/package-tree.html]
[www.sureassert.com/docs/javadoc/deprecated-list.html]
[www.sureassert.com/docs/javadoc/index8049.html]
[www.sureassert.com/docs/javadoc/org/sureassert/uc/annotation/class-use/NamedClass.html]
[www.sureassert.com/docs/javadoc/index8d5b.html]
[www.sureassert.com/docs/javadoc/org/sureassert/uc/annotation/class-use/NamedInstance.html]
[www.sureassert.com/docs/javadoc/index03a8.html]
[www.sureassert.com/docs/javadoc/index-files/index-1.html]
[www.sureassert.com/docs/javadoc/help-doc.html]
[www.sureassert.com/docs/javadoc/org/sureassert/uc/annotation/class-use/NoAutoRun.html]
[www.sureassert.com/docs/javadoc/index2998.html]
[www.sureassert.com/docs/javadoc/org/sureassert/uc/annotation/class-use/SINType.html]
[www.sureassert.com/docs/javadoc/indexcd80.html]
[www.sureassert.com/docs/javadoc/indexd185.html]
[www.sureassert.com/docs/javadoc/org/sureassert/uc/annotation/class-use/Stubs.html]
[www.sureassert.com/docs/javadoc/indexd240.html]
[www.sureassert.com/docs/javadoc/allclasses-noframe.html]
[www.sureassert.com/docs/javadoc/org/sureassert/uc/annotation/class-use/TestDouble.html]
[www.sureassert.com/docs/javadoc/index5d6f.html]
[www.sureassert.com/docs/javadoc/org/sureassert/uc/annotation/class-use/TestState.html]
[www.sureassert.com/docs/javadoc/org/sureassert/uc/annotation/class-use/Exemplar.html]
[www.sureassert.com/docs/javadoc/indexb849.html]
[www.sureassert.com/docs/javadoc/org/sureassert/uc/annotation/class-use/UseCase.html]
[www.sureassert.com/docs/javadoc/index7880.html]
[www.sureassert.com/docs/javadoc/org/sureassert/uc/annotation/class-use/Exemplars.html]
[www.sureassert.com/docs/javadoc/indexa5ab.html]
[www.sureassert.com/docs/javadoc/index460c.html]
[www.sureassert.com/docs/javadoc/index6980.html]
[www.sureassert.com/docs/javadoc/indexa477.html]
[www.sureassert.com/docs/javadoc/index94a5.html]
[www.sureassert.com/docs/javadoc/index-files/index-2.html]
[www.sureassert.com/docs/javadoc/indexefe4.html]
[www.sureassert.com/docs/javadoc/index-files/index-3.html]
[www.sureassert.com/docs/javadoc/org/sureassert/uc/annotation/class-use/HasJUnit.html]
[www.sureassert.com/docs/javadoc/index-files/index-4.html]
[www.sureassert.com/docs/javadoc/index9f4b.html]
[www.sureassert.com/docs/javadoc/index-files/index-5.html]
[www.sureassert.com/docs/javadoc/index-files/index-6.html]
[www.sureassert.com/docs/javadoc/org/sureassert/uc/annotation/class-use/IgnoreTestCoverage.html]
[www.sureassert.com/docs/javadoc/indexb67b.html]
[www.sureassert.com/docs/javadoc/index-files/index-7.html]
[www.sureassert.com/docs/javadoc/index-files/index-9.html]
[www.sureassert.com/docs/javadoc/index-files/index-8.html]
[www.sureassert.com/docs/javadoc/indexb46a.html]
[www.sureassert.com/docs/javadoc/overview-tree.html]
[www.sureassert.com/docs/javadoc/org/sureassert/uc/annotation/class-use/MultiUseCase.html]
[www.sureassert.com/docs/javadoc/constant-values.html]
[www.sureassert.com/docs/javadoc/indexc54c.html]
[www.sureassert.com/docs/javadoc/index8049.html]
[www.sureassert.com/docs/javadoc/indexe0fa.html]
[www.sureassert.com/docs/javadoc/indexb234.html]
[www.sureassert.com/docs/javadoc/org/sureassert/uc/annotation/class-use/NamedClass.html]
[www.sureassert.com/docs/javadoc/indexa3bf.html]
[www.sureassert.com/docs/javadoc/indexc273.html]
[www.sureassert.com/docs/javadoc/index8d5b.html]
[www.sureassert.com/docs/javadoc/org/sureassert/uc/annotation/class-use/NamedInstance.html]
[www.sureassert.com/docs/javadoc/index03a8.html]
[www.sureassert.com/docs/javadoc/org/sureassert/uc/annotation/class-use/NoAutoRun.html]
[www.sureassert.com/docs/javadoc/index2998.html]
[www.sureassert.com/docs/javadoc/org/sureassert/uc/annotation/class-use/SINType.html]
[www.sureassert.com/docs/javadoc/indexf650.html]
[www.sureassert.com/docs/javadoc/indexcd80.html]
[www.sureassert.com/docs/javadoc/org/sureassert/uc/annotation/class-use/Stubs.html]
[www.sureassert.com/docs/javadoc/index592e.html]
[www.sureassert.com/docs/javadoc/indexc293.html]
[www.sureassert.com/docs/javadoc/index3b34.html]
[www.sureassert.com/docs/javadoc/indexd240.html]
[www.sureassert.com/docs/javadoc/index2989.html]
[www.sureassert.com/docs/javadoc/org/sureassert/uc/annotation/class-use/TestDouble.html]
[www.sureassert.com/docs/javadoc/index5d6f.html]
[www.sureassert.com/docs/javadoc/org/sureassert/uc/annotation/class-use/TestState.html]
[www.sureassert.com/docs/javadoc/indexb849.html]
[www.sureassert.com/docs/javadoc/org/sureassert/uc/annotation/class-use/UseCase.html]
[www.sureassert.com/docs/javadoc/indexa5ab.html]
[www.sureassert.com/docs/javadoc/indexa477.html]
[www.sureassert.com/docs/javadoc/index6980.html]
[www.sureassert.com/docs/javadoc/index94a5.html]
[www.sureassert.com/docs/javadoc/index-files/index-2.html]
[www.sureassert.com/docs/javadoc/index0e13.html]
[www.sureassert.com/docs/javadoc/indexaaaa.html]
[www.sureassert.com/docs/javadoc/index72de.html]
[www.sureassert.com/docs/javadoc/indexc8a6.html]
[www.sureassert.com/docs/javadoc/indexefe4.html]
[www.sureassert.com/docs/javadoc/index-files/index-3.html]
[www.sureassert.com/docs/javadoc/index-files/index-4.html]
[www.sureassert.com/docs/javadoc/index-files/index-5.html]
[www.sureassert.com/docs/javadoc/index-files/index-6.html]
[www.sureassert.com/docs/javadoc/indexb1b1.html]
[www.sureassert.com/docs/javadoc/index054b.html]
[www.sureassert.com/docs/javadoc/index54e4.html]
[www.sureassert.com/docs/javadoc/index87ff.html]
[www.sureassert.com/docs/javadoc/index-files/index-7.html]
[www.sureassert.com/docs/javadoc/index-files/index-8.html]
[www.sureassert.com/docs/javadoc/index-files/index-9.html]
[www.sureassert.com/docs/javadoc/indexb46a.html]
[www.sureassert.com/docs/javadoc/overview-tree.html]
[www.sureassert.com/docs/javadoc/index5ec3.html]
[www.sureassert.com/docs/javadoc/indexdd3e.html]
[www.sureassert.com/docs/javadoc/index0922.html]
[www.sureassert.com/docs/javadoc/indexcaf2.html]
[www.sureassert.com/docs/javadoc/constant-values.html]
[www.sureassert.com/docs/javadoc/indexc54c.html]
[www.sureassert.com/docs/javadoc/indexe0fa.html]
[www.sureassert.com/docs/javadoc/indexb234.html]
[www.sureassert.com/docs/javadoc/indexa3bf.html]
[www.sureassert.com/docs/javadoc/indexc273.html]
[www.sureassert.com/docs/javadoc/indexf650.html]
[www.sureassert.com/docs/javadoc/indexc293.html]
[www.sureassert.com/docs/javadoc/index592e.html]
[www.sureassert.com/docs/javadoc/index3b34.html]
[www.sureassert.com/docs/javadoc/index2989.html]
[www.sureassert.com/docs/javadoc/indexaaaa.html]
[www.sureassert.com/docs/javadoc/index0e13.html]
[www.sureassert.com/docs/javadoc/index72de.html]
[www.sureassert.com/docs/javadoc/indexc8a6.html]
[www.sureassert.com/docs/javadoc/index054b.html]
[www.sureassert.com/docs/javadoc/index54e4.html]
[www.sureassert.com/docs/javadoc/index87ff.html]
[www.sureassert.com/docs/javadoc/indexb1b1.html]
[www.sureassert.com/docs/javadoc/indexdd3e.html]
[www.sureassert.com/docs/javadoc/index0922.html]
[www.sureassert.com/docs/javadoc/index5ec3.html]
[www.sureassert.com/docs/javadoc/indexcaf2.html]
[www.sureassert.com/docs/javadoc/indexd866.html]
[www.sureassert.com/docs/javadoc/indexd866.html]
